| concept_bit_def.py:5:8:5:25 | ControlFlowNode for QuantumRegister() | qubit in reg: 'qreg', index: '0',  circuit: 'qc' |
| concept_bit_def.py:5:8:5:25 | ControlFlowNode for QuantumRegister() | qubit in reg: 'qreg', index: '1',  circuit: 'qc' |
| concept_bit_def.py:5:8:5:25 | ControlFlowNode for QuantumRegister() | qubit in reg: 'qreg', index: '2',  circuit: 'qc' |
| concept_bit_def.py:5:8:5:25 | ControlFlowNode for QuantumRegister() | qubit in reg: 'qreg', index: '3',  circuit: 'qc' |
| concept_bit_def.py:5:8:5:25 | ControlFlowNode for QuantumRegister() | qubit in reg: 'qreg', index: '4',  circuit: 'qc' |
| concept_bit_def.py:5:8:5:25 | ControlFlowNode for QuantumRegister() | qubit in reg: 'qreg', index: '5',  circuit: 'qc' |
| concept_bit_def.py:5:8:5:25 | ControlFlowNode for QuantumRegister() | qubit in reg: 'qreg', index: '6',  circuit: 'qc' |
| concept_bit_def.py:5:8:5:25 | ControlFlowNode for QuantumRegister() | qubit in reg: 'qreg', index: '7',  circuit: 'qc' |
| concept_bit_def.py:9:16:9:29 | ControlFlowNode for Qubit() | qubit in reg: 'qreg', index: '0',  circuit: 'qc' |
| concept_bit_def.py:10:19:10:35 | ControlFlowNode for Qubit() | qubit in reg: 'anonymous register', index: '-1',  circuit: 'anonymous circuit' |
| concept_bit_def_via_circuit.py:7:21:7:21 | ControlFlowNode for IntegerLiteral | qubit in reg: 'anonymous register', index: '0',  circuit: 'qc' |
| concept_bit_def_via_circuit.py:7:21:7:21 | ControlFlowNode for IntegerLiteral | qubit in reg: 'anonymous register', index: '1',  circuit: 'qc' |
| concept_bit_def_via_circuit.py:12:36:12:37 | ControlFlowNode for IntegerLiteral | qubit in reg: 'anonymous register', index: '0',  circuit: 'qc_mostly_quantum' |
| concept_bit_def_via_circuit.py:12:36:12:37 | ControlFlowNode for IntegerLiteral | qubit in reg: 'anonymous register', index: '1',  circuit: 'qc_mostly_quantum' |
| concept_bit_def_via_circuit.py:12:36:12:37 | ControlFlowNode for IntegerLiteral | qubit in reg: 'anonymous register', index: '2',  circuit: 'qc_mostly_quantum' |
| concept_bit_def_via_circuit.py:12:36:12:37 | ControlFlowNode for IntegerLiteral | qubit in reg: 'anonymous register', index: '3',  circuit: 'qc_mostly_quantum' |
| concept_bit_def_via_circuit.py:12:36:12:37 | ControlFlowNode for IntegerLiteral | qubit in reg: 'anonymous register', index: '4',  circuit: 'qc_mostly_quantum' |
| concept_bit_def_via_circuit.py:12:36:12:37 | ControlFlowNode for IntegerLiteral | qubit in reg: 'anonymous register', index: '5',  circuit: 'qc_mostly_quantum' |
| concept_bit_def_via_circuit.py:12:36:12:37 | ControlFlowNode for IntegerLiteral | qubit in reg: 'anonymous register', index: '6',  circuit: 'qc_mostly_quantum' |
| concept_bit_def_via_circuit.py:12:36:12:37 | ControlFlowNode for IntegerLiteral | qubit in reg: 'anonymous register', index: '7',  circuit: 'qc_mostly_quantum' |
| concept_bit_def_via_circuit.py:12:36:12:37 | ControlFlowNode for IntegerLiteral | qubit in reg: 'anonymous register', index: '8',  circuit: 'qc_mostly_quantum' |
| concept_bit_def_via_circuit.py:12:36:12:37 | ControlFlowNode for IntegerLiteral | qubit in reg: 'anonymous register', index: '9',  circuit: 'qc_mostly_quantum' |
| concept_bit_def_via_circuit.py:19:25:19:25 | ControlFlowNode for IntegerLiteral | qubit in reg: 'anonymous register', index: '0',  circuit: 'qc' |
| concept_bit_def_via_circuit.py:19:25:19:25 | ControlFlowNode for IntegerLiteral | qubit in reg: 'anonymous register', index: '1',  circuit: 'qc' |
| concept_bit_def_via_circuit.py:30:23:30:23 | ControlFlowNode for IntegerLiteral | qubit in reg: 'anonymous register', index: '0',  circuit: 'qc_su2' |
| concept_bit_def_via_circuit.py:30:23:30:23 | ControlFlowNode for IntegerLiteral | qubit in reg: 'anonymous register', index: '1',  circuit: 'qc_su2' |
| concept_bit_def_via_circuit.py:30:23:30:23 | ControlFlowNode for IntegerLiteral | qubit in reg: 'anonymous register', index: '2',  circuit: 'qc_su2' |
| concept_bit_def_via_circuit.py:33:26:33:26 | ControlFlowNode for IntegerLiteral | qubit in reg: 'anonymous register', index: '0',  circuit: 'qc_real' |
| concept_bit_def_via_circuit.py:33:26:33:26 | ControlFlowNode for IntegerLiteral | qubit in reg: 'anonymous register', index: '1',  circuit: 'qc_real' |
| concept_bit_def_via_circuit.py:33:26:33:26 | ControlFlowNode for IntegerLiteral | qubit in reg: 'anonymous register', index: '2',  circuit: 'qc_real' |
| concept_bit_def_via_circuit.py:33:26:33:26 | ControlFlowNode for IntegerLiteral | qubit in reg: 'anonymous register', index: '3',  circuit: 'qc_real' |
| concept_bit_def_via_circuit.py:36:18:36:18 | ControlFlowNode for IntegerLiteral | qubit in reg: 'anonymous register', index: '0',  circuit: 'qc_tl' |
| concept_bit_def_via_circuit.py:36:18:36:18 | ControlFlowNode for IntegerLiteral | qubit in reg: 'anonymous register', index: '1',  circuit: 'qc_tl' |
| concept_bit_def_via_circuit.py:36:18:36:18 | ControlFlowNode for IntegerLiteral | qubit in reg: 'anonymous register', index: '2',  circuit: 'qc_tl' |
