| compose_use.py:31:17:31:36 | ControlFlowNode for QuantumCircuit() | The subcircuit 'qc_subcircuit_too_large' has more qubits (5) than the main circuit 'qc_macro_fail' (4) |
