| QL101_1_code_with_bug.py:5:11:5:36 | ControlFlowNode for QuantumCircuit() | Circuit 'circuit' has more qubits (3) than classical  bits (2) |
