| QL100_1_code_with_bug.py:10:1:10:16 | ControlFlowNode for Attribute() | measure_all used on 'qc' when a classical register is present (at location: 10, 1) |
