| concept_circuit_subcircuit.py:11:12:11:27 | ControlFlowNode for QuantumCircuit() | Quantum Circuit with to_gate or to_instruction 'qc_macro' |
| concept_circuit_subcircuit.py:53:32:53:50 | ControlFlowNode for create_subcircuit() | Quantum Circuit with to_gate or to_instruction 'qc_subcircuit_via_subroutine' |
| concept_subcircuit_as_gate_instr.py:4:12:4:28 | ControlFlowNode for QuantumCircuit() | Quantum Circuit with to_gate or to_instruction 'qc_instr' |
| concept_subcircuit_as_gate_instr.py:15:10:15:38 | ControlFlowNode for QuantumCircuit() | Quantum Circuit with to_gate or to_instruction 'qc_maj' |
