| concept_circuit_transpile.py:8:22:8:50 | ControlFlowNode for transpile() | Transpiled Circuit: 'transpiled_circuit' |
